chrY_motifs.lst
DYZ18_Yq.fasta
DYZ18_Yq.fasta.fai
DYZ18_Yq.fasta.md5
DYZ19_Yq.fasta
DYZ19_Yq.fasta.fai
DYZ19_Yq.fasta.md5
DYZ1_Yq.fasta
DYZ1_Yq.fasta.fai
DYZ1_Yq.fasta.md5
DYZ2_Yq.fasta
DYZ2_Yq.fasta.fai
DYZ2_Yq.fasta.md5
DYZ3-prim_Ycentro.fasta
DYZ3-prim_Ycentro.fasta.fai
DYZ3-prim_Ycentro.fasta.md5
DYZ3-sec_Ycentro.fasta
DYZ3-sec_Ycentro.fasta.fai
DYZ3-sec_Ycentro.fasta.md5
TSPY.fasta
TSPY.fasta.fai
TSPY.fasta.md5
Yqhet_2k7bp.fasta
Yqhet_2k7bp.fasta.fai
Yqhet_2k7bp.fasta.md5
Yqhet_3k1bp.fasta
Yqhet_3k1bp.fasta.fai
Yqhet_3k1bp.fasta.md5
